node:internal/modules/run_main:107
    triggerUncaughtException(
    ^

AssertionError [ERR_ASSERTION]: Expected values to be strictly deep-equal:
+ actual - expected

+ []
- [
-   'Alpha',
-   'alphabet'
- ]

    at case-insensitive (<EXAMPLE_PROJECT>/checks/filter.check.mjs:7:12)
    at <EXAMPLE_PROJECT>/checks/filter.check.mjs:21:15
    at ModuleJob.run (node:internal/modules/esm/module_job:439:25)
    at async node:internal/modules/esm/loader:643:26
    at async asyncRunEntryPointWithESMLoader (node:internal/modules/run_main:101:5) {
  generatedMessage: true,
  code: 'ERR_ASSERTION',
  actual: [],
  expected: [ 'Alpha', 'alphabet' ],
  operator: 'deepStrictEqual',
  diff: 'simple'
}

Node.js v24.19.0
